Archive member included to satisfy reference by file (symbol)

c:/program files (x86)/atmel/studio/7.0/toolchain/avr8/avr8-gnu-toolchain/bin/../lib/gcc/avr/5.4.0/avr5\libgcc.a(_udivmodhi4.o)
                              HAL/7SEGMENT/7SEGMENT_Program.o (__udivmodhi4)
c:/program files (x86)/atmel/studio/7.0/toolchain/avr8/avr8-gnu-toolchain/bin/../lib/gcc/avr/5.4.0/avr5\libgcc.a(_divmodhi4.o)
                              HAL/LCD/LCD_Program.o (__divmodhi4)
c:/program files (x86)/atmel/studio/7.0/toolchain/avr8/avr8-gnu-toolchain/bin/../lib/gcc/avr/5.4.0/avr5\libgcc.a(_udivmodsi4.o)
                              SERVICES/Timer_Services/Timer_Services.o (__udivmodsi4)
c:/program files (x86)/atmel/studio/7.0/toolchain/avr8/avr8-gnu-toolchain/bin/../lib/gcc/avr/5.4.0/avr5\libgcc.a(_divmodsi4.o)
                              HAL/LCD/LCD_Program.o (__divmodsi4)
c:/program files (x86)/atmel/studio/7.0/toolchain/avr8/avr8-gnu-toolchain/bin/../lib/gcc/avr/5.4.0/avr5\libgcc.a(_negsi2.o)
                              c:/program files (x86)/atmel/studio/7.0/toolchain/avr8/avr8-gnu-toolchain/bin/../lib/gcc/avr/5.4.0/avr5\libgcc.a(_divmodsi4.o) (__negsi2)
c:/program files (x86)/atmel/studio/7.0/toolchain/avr8/avr8-gnu-toolchain/bin/../lib/gcc/avr/5.4.0/avr5\libgcc.a(_exit.o)
                              C:/Program Files (x86)/Atmel/Studio/7.0/Packs/atmel/ATmega_DFP/1.7.374/gcc/dev/atmega32/avr5/crtatmega32.o (exit)
c:/program files (x86)/atmel/studio/7.0/toolchain/avr8/avr8-gnu-toolchain/bin/../lib/gcc/avr/5.4.0/avr5\libgcc.a(_tablejump2.o)
                              MCAL/ADC/ADC.o (__tablejump2__)
c:/program files (x86)/atmel/studio/7.0/toolchain/avr8/avr8-gnu-toolchain/bin/../lib/gcc/avr/5.4.0/avr5\libgcc.a(_copy_data.o)
                              HAL/7SEGMENT/7SEGMENT_Program.o (__do_copy_data)
c:/program files (x86)/atmel/studio/7.0/toolchain/avr8/avr8-gnu-toolchain/bin/../lib/gcc/avr/5.4.0/avr5\libgcc.a(_clear_bss.o)
                              main.o (__do_clear_bss)
c:/program files (x86)/atmel/studio/7.0/toolchain/avr8/avr8-gnu-toolchain/bin/../lib/gcc/avr/5.4.0/avr5\libgcc.a(_umulhisi3.o)
                              MCAL/ADC/ADC.o (__umulhisi3)

Allocating common symbols
Common symbol       size              file

ADC_BusyFlag        0x1               MCAL/ADC/ADC.o

Discarded input sections

 .data          0x00000000        0x0 C:/Program Files (x86)/Atmel/Studio/7.0/Packs/atmel/ATmega_DFP/1.7.374/gcc/dev/atmega32/avr5/crtatmega32.o
 .bss           0x00000000        0x0 C:/Program Files (x86)/Atmel/Studio/7.0/Packs/atmel/ATmega_DFP/1.7.374/gcc/dev/atmega32/avr5/crtatmega32.o
 .text          0x00000000        0x0 HAL/7SEGMENT/7SEGMENT_Program.o
 .data          0x00000000        0x0 HAL/7SEGMENT/7SEGMENT_Program.o
 .bss           0x00000000        0x0 HAL/7SEGMENT/7SEGMENT_Program.o
 .text.segment_display_BCD
                0x00000000       0x8e HAL/7SEGMENT/7SEGMENT_Program.o
 .text.segment_display_BCD2
                0x00000000       0x7e HAL/7SEGMENT/7SEGMENT_Program.o
 .text.Segment_Display_opposite
                0x00000000       0x26 HAL/7SEGMENT/7SEGMENT_Program.o
 .text.SegmentDisplay_BinaryLed
                0x00000000       0x80 HAL/7SEGMENT/7SEGMENT_Program.o
 .rodata.SegmentArr
                0x00000000        0xa HAL/7SEGMENT/7SEGMENT_Program.o
 .comment       0x00000000       0x31 HAL/7SEGMENT/7SEGMENT_Program.o
 .text          0x00000000        0x0 HAL/Keypad/Keypad_Program.o
 .data          0x00000000        0x0 HAL/Keypad/Keypad_Program.o
 .bss           0x00000000        0x0 HAL/Keypad/Keypad_Program.o
 .text.KEYPAD_Init
                0x00000000       0x16 HAL/Keypad/Keypad_Program.o
 .text.KEYBAD_GetKey
                0x00000000       0xae HAL/Keypad/Keypad_Program.o
 .rodata.KeysArr
                0x00000000       0x10 HAL/Keypad/Keypad_Program.o
 .comment       0x00000000       0x31 HAL/Keypad/Keypad_Program.o
 .text          0x00000000        0x0 HAL/LCD/LCD_Program.o
 .data          0x00000000        0x0 HAL/LCD/LCD_Program.o
 .bss           0x00000000        0x0 HAL/LCD/LCD_Program.o
 .text.LCD_WriteChar
                0x00000000        0x4 HAL/LCD/LCD_Program.o
 .text.LCD_Write4D
                0x00000000       0x6e HAL/LCD/LCD_Program.o
 .text.LCD_WriteBinary
                0x00000000       0x3a HAL/LCD/LCD_Program.o
 .text.LCD_CustomChar
                0x00000000       0x36 HAL/LCD/LCD_Program.o
 .text.LCD_WriteHex
                0x00000000       0x2a HAL/LCD/LCD_Program.o
 .text          0x00000000        0x0 main.o
 .data          0x00000000        0x0 main.o
 .bss           0x00000000        0x0 main.o
 .bss.read      0x00000000        0x2 main.o
 .bss.read2     0x00000000        0x1 main.o
 .bss.read1     0x00000000        0x1 main.o
 .text          0x00000000        0x0 MCAL/ADC/ADC.o
 .data          0x00000000        0x0 MCAL/ADC/ADC.o
 .bss           0x00000000        0x0 MCAL/ADC/ADC.o
 .text.ADC_Init
                0x00000000       0x2a MCAL/ADC/ADC.o
 .text.ADC_Read
                0x00000000       0x18 MCAL/ADC/ADC.o
 .text.ADC_StartConversion
                0x00000000       0x1e MCAL/ADC/ADC.o
 .text.ADC_GetPerodic
                0x00000000       0x1a MCAL/ADC/ADC.o
 .text.ADC_GetReadNoBlock
                0x00000000        0x6 MCAL/ADC/ADC.o
 .text.ADC_VoltRead
                0x00000000       0x22 MCAL/ADC/ADC.o
 .text.ADC_AutoTriggered
                0x00000000       0x5c MCAL/ADC/ADC.o
 .progmem.gcc_sw_table.ADC_AutoTriggered
                0x00000000       0x10 MCAL/ADC/ADC.o
 .text.ADC_InterruptEnable
                0x00000000        0x4 MCAL/ADC/ADC.o
 .text.ADC_InterruptDisable
                0x00000000        0x4 MCAL/ADC/ADC.o
 .text.ADC_SetCallBack
                0x00000000        0xa MCAL/ADC/ADC.o
 COMMON         0x00000000        0x1 MCAL/ADC/ADC.o
 .text          0x00000000        0x0 MCAL/DIO/DIO_Program.o
 .data          0x00000000        0x0 MCAL/DIO/DIO_Program.o
 .bss           0x00000000        0x0 MCAL/DIO/DIO_Program.o
 .text.DIO_ReadPin
                0x00000000       0x3a MCAL/DIO/DIO_Program.o
 .text.DIO_TogglePin
                0x00000000       0x6a MCAL/DIO/DIO_Program.o
 .text.DIO_WritePort
                0x00000000       0x20 MCAL/DIO/DIO_Program.o
 .text.DIO_ReadPort
                0x00000000       0x22 MCAL/DIO/DIO_Program.o
 .text          0x00000000        0x0 MCAL/EX_Interrupt/EX_Interrupt.o
 .data          0x00000000        0x0 MCAL/EX_Interrupt/EX_Interrupt.o
 .bss           0x00000000        0x0 MCAL/EX_Interrupt/EX_Interrupt.o
 .text.EXI_Enable
                0x00000000       0x20 MCAL/EX_Interrupt/EX_Interrupt.o
 .text.EXI_Disable
                0x00000000       0x20 MCAL/EX_Interrupt/EX_Interrupt.o
 .text.EXI_TriggerEdge
                0x00000000       0x8c MCAL/EX_Interrupt/EX_Interrupt.o
 .text.EXI_Init
                0x00000000       0x18 MCAL/EX_Interrupt/EX_Interrupt.o
 .text.EXI_SetCallBack
                0x00000000       0x2a MCAL/EX_Interrupt/EX_Interrupt.o
 .text          0x00000000        0x0 MCAL/SPI/SPI_Program.o
 .data          0x00000000        0x0 MCAL/SPI/SPI_Program.o
 .bss           0x00000000        0x0 MCAL/SPI/SPI_Program.o
 .text          0x00000000        0x0 MCAL/Timer/Timer_Program.o
 .data          0x00000000        0x0 MCAL/Timer/Timer_Program.o
 .bss           0x00000000        0x0 MCAL/Timer/Timer_Program.o
 .text.TIMER0_Init
                0x00000000       0x40 MCAL/Timer/Timer_Program.o
 .text.TIMER0_OC0Mode
                0x00000000       0x36 MCAL/Timer/Timer_Program.o
 .text.Timer_Delayms
                0x00000000       0x20 MCAL/Timer/Timer_Program.o
 .text.Timer_GetOCR0
                0x00000000       0x34 MCAL/Timer/Timer_Program.o
 .text.Timer_GetDuty
                0x00000000       0x3c MCAL/Timer/Timer_Program.o
 .text.TIMER0_OV_InterruptEnable
                0x00000000        0x8 MCAL/Timer/Timer_Program.o
 .text.TIMER0_OV_InterruptDisable
                0x00000000        0x8 MCAL/Timer/Timer_Program.o
 .text.TIMER0_OC_InterruptEnable
                0x00000000        0x8 MCAL/Timer/Timer_Program.o
 .text.TIMER0_OC_InterruptDisable
                0x00000000        0x8 MCAL/Timer/Timer_Program.o
 .text.Timer1_Init
                0x00000000       0x78 MCAL/Timer/Timer_Program.o
 .text.Timer1_OCRA1Mode
                0x00000000       0x36 MCAL/Timer/Timer_Program.o
 .text.Timer1_OCRB1Mode
                0x00000000       0x36 MCAL/Timer/Timer_Program.o
 .text.Timer1_InputCaptureEdge
                0x00000000       0x16 MCAL/Timer/Timer_Program.o
 .text.Timer1_ICU_InterruptEnable
                0x00000000        0x8 MCAL/Timer/Timer_Program.o
 .text.Timer1_ICU_InterruptDisable
                0x00000000        0x8 MCAL/Timer/Timer_Program.o
 .text.Timer1_OVF_InterruptEnable
                0x00000000        0x8 MCAL/Timer/Timer_Program.o
 .text.Timer1_OVF_InterruptDisable
                0x00000000        0x8 MCAL/Timer/Timer_Program.o
 .text.Timer1_OCA_InterruptEnable
                0x00000000        0x8 MCAL/Timer/Timer_Program.o
 .text.Timer1_OCA_InterruptDisable
                0x00000000        0x8 MCAL/Timer/Timer_Program.o
 .text.Timer1_OCB_InterruptEnable
                0x00000000        0x8 MCAL/Timer/Timer_Program.o
 .text.Timer1_OCB_InterruptDisable
                0x00000000        0x8 MCAL/Timer/Timer_Program.o
 .text.Timer1_OVF_SetCallBack
                0x00000000        0xa MCAL/Timer/Timer_Program.o
 .text.Timer1_OCA_SetCallBack
                0x00000000        0xa MCAL/Timer/Timer_Program.o
 .text.Timer1_OCB_SetCallBack
                0x00000000        0xa MCAL/Timer/Timer_Program.o
 .text.Timer1_ICU_SetCallBack
                0x00000000        0xa MCAL/Timer/Timer_Program.o
 .text          0x00000000        0x0 MCAL/UART/UART_Program.o
 .data          0x00000000        0x0 MCAL/UART/UART_Program.o
 .bss           0x00000000        0x0 MCAL/UART/UART_Program.o
 .text.UART_SendNoBlock
                0x00000000        0x4 MCAL/UART/UART_Program.o
 .text.UART_ReceiveNoBlock
                0x00000000        0x4 MCAL/UART/UART_Program.o
 .text.UART_Send
                0x00000000        0x8 MCAL/UART/UART_Program.o
 .text.UART_RecivePerodic
                0x00000000       0x16 MCAL/UART/UART_Program.o
 .text.UART_RX_InterruptDisable
                0x00000000        0x4 MCAL/UART/UART_Program.o
 .text.UART_TX_InterruptEnable
                0x00000000        0x4 MCAL/UART/UART_Program.o
 .text.UART_TX_InterruptDisable
                0x00000000        0x4 MCAL/UART/UART_Program.o
 .text.UART_TX_SetCallBack
                0x00000000        0xa MCAL/UART/UART_Program.o
 .text          0x00000000        0x0 SERVICES/SPI_Services/SPI_Services.o
 .data          0x00000000        0x0 SERVICES/SPI_Services/SPI_Services.o
 .bss           0x00000000        0x0 SERVICES/SPI_Services/SPI_Services.o
 .text.SPI_SendReciveManySlaves
                0x00000000       0x48 SERVICES/SPI_Services/SPI_Services.o
 .bss.flag3     0x00000000        0x1 SERVICES/SPI_Services/SPI_Services.o
 .comment       0x00000000       0x31 SERVICES/SPI_Services/SPI_Services.o
 .text          0x00000000        0x0 SERVICES/Timer_Services/Timer_Services.o
 .data          0x00000000        0x0 SERVICES/Timer_Services/Timer_Services.o
 .bss           0x00000000        0x0 SERVICES/Timer_Services/Timer_Services.o
 .text.Timer_func
                0x00000000       0x5c SERVICES/Timer_Services/Timer_Services.o
 .text.Func_ICU
                0x00000000       0x72 SERVICES/Timer_Services/Timer_Services.o
 .text.PWM_Freq_KHZ
                0x00000000       0x24 SERVICES/Timer_Services/Timer_Services.o
 .text.PWM_Freq_HZ
                0x00000000       0x2c SERVICES/Timer_Services/Timer_Services.o
 .text.PWM_Duty
                0x00000000       0x34 SERVICES/Timer_Services/Timer_Services.o
 .text.Timer1_SetInterruptTime_ms
                0x00000000       0x24 SERVICES/Timer_Services/Timer_Services.o
 .text.Timer1_SetInterruptTime_us
                0x00000000       0x10 SERVICES/Timer_Services/Timer_Services.o
 .text.PWM_Measure2
                0x00000000       0xaa SERVICES/Timer_Services/Timer_Services.o
 .text.PWM_Measure
                0x00000000      0x102 SERVICES/Timer_Services/Timer_Services.o
 .text.Timer1_SetInterruptTime_s
                0x00000000       0x5e SERVICES/Timer_Services/Timer_Services.o
 .bss.c.2019    0x00000000        0x4 SERVICES/Timer_Services/Timer_Services.o
 .bss.fptr_timer
                0x00000000        0x2 SERVICES/Timer_Services/Timer_Services.o
 .bss.NofOverFlow
                0x00000000        0x4 SERVICES/Timer_Services/Timer_Services.o
 .bss.flag      0x00000000        0x2 SERVICES/Timer_Services/Timer_Services.o
 .bss.t3        0x00000000        0x2 SERVICES/Timer_Services/Timer_Services.o
 .bss.t2        0x00000000        0x2 SERVICES/Timer_Services/Timer_Services.o
 .bss.t1        0x00000000        0x2 SERVICES/Timer_Services/Timer_Services.o
 .comment       0x00000000       0x31 SERVICES/Timer_Services/Timer_Services.o
 .text          0x00000000        0x0 SERVICES/UART_Services/UART_Services.o
 .data          0x00000000        0x0 SERVICES/UART_Services/UART_Services.o
 .bss           0x00000000        0x0 SERVICES/UART_Services/UART_Services.o
 .text.tx_func  0x00000000       0x2c SERVICES/UART_Services/UART_Services.o
 .text.UART_Send_String
                0x00000000       0x26 SERVICES/UART_Services/UART_Services.o
 .text.UART_Recive_String
                0x00000000       0x42 SERVICES/UART_Services/UART_Services.o
 .text.UART_Send_Number
                0x00000000       0x2a SERVICES/UART_Services/UART_Services.o
 .text.UART_Recive_Number
                0x00000000       0x44 SERVICES/UART_Services/UART_Services.o
 .text.UART_Send_Number2
                0x00000000       0x3a SERVICES/UART_Services/UART_Services.o
 .text.UART_Recive_Number2
                0x00000000       0x3a SERVICES/UART_Services/UART_Services.o
 .text.endian_Check
                0x00000000        0x4 SERVICES/UART_Services/UART_Services.o
 .text.endian_Convrert
                0x00000000       0x62 SERVICES/UART_Services/UART_Services.o
 .text.endian_Convrert2
                0x00000000       0x2a SERVICES/UART_Services/UART_Services.o
 .text.UART_SendStringCheckSum
                0x00000000       0x5e SERVICES/UART_Services/UART_Services.o
 .text.UART_ReciveStringCheckSum
                0x00000000       0x62 SERVICES/UART_Services/UART_Services.o
 .text.UART_Send_String_Asynch
                0x00000000       0x24 SERVICES/UART_Services/UART_Services.o
 .data.i.1706   0x00000000        0x1 SERVICES/UART_Services/UART_Services.o
 .bss.str_tx    0x00000000        0x2 SERVICES/UART_Services/UART_Services.o
 .comment       0x00000000       0x31 SERVICES/UART_Services/UART_Services.o
 .text          0x00000000        0x0 c:/program files (x86)/atmel/studio/7.0/toolchain/avr8/avr8-gnu-toolchain/bin/../lib/gcc/avr/5.4.0/avr5\libgcc.a(_udivmodhi4.o)
 .data          0x00000000        0x0 c:/program files (x86)/atmel/studio/7.0/toolchain/avr8/avr8-gnu-toolchain/bin/../lib/gcc/avr/5.4.0/avr5\libgcc.a(_udivmodhi4.o)
 .bss           0x00000000        0x0 c:/program files (x86)/atmel/studio/7.0/toolchain/avr8/avr8-gnu-toolchain/bin/../lib/gcc/avr/5.4.0/avr5\libgcc.a(_udivmodhi4.o)
 .text.libgcc.mul
                0x00000000        0x0 c:/program files (x86)/atmel/studio/7.0/toolchain/avr8/avr8-gnu-toolchain/bin/../lib/gcc/avr/5.4.0/avr5\libgcc.a(_udivmodhi4.o)
 .text.libgcc.div
                0x00000000       0x28 c:/program files (x86)/atmel/studio/7.0/toolchain/avr8/avr8-gnu-toolchain/bin/../lib/gcc/avr/5.4.0/avr5\libgcc.a(_udivmodhi4.o)
 .text.libgcc   0x00000000        0x0 c:/program files (x86)/atmel/studio/7.0/toolchain/avr8/avr8-gnu-toolchain/bin/../lib/gcc/avr/5.4.0/avr5\libgcc.a(_udivmodhi4.o)
 .text.libgcc.prologue
                0x00000000        0x0 c:/program files (x86)/atmel/studio/7.0/toolchain/avr8/avr8-gnu-toolchain/bin/../lib/gcc/avr/5.4.0/avr5\libgcc.a(_udivmodhi4.o)
 .text.libgcc.builtins
                0x00000000        0x0 c:/program files (x86)/atmel/studio/7.0/toolchain/avr8/avr8-gnu-toolchain/bin/../lib/gcc/avr/5.4.0/avr5\libgcc.a(_udivmodhi4.o)
 .text.libgcc.fmul
                0x00000000        0x0 c:/program files (x86)/atmel/studio/7.0/toolchain/avr8/avr8-gnu-toolchain/bin/../lib/gcc/avr/5.4.0/avr5\libgcc.a(_udivmodhi4.o)
 .text.libgcc.fixed
                0x00000000        0x0 c:/program files (x86)/atmel/studio/7.0/toolchain/avr8/avr8-gnu-toolchain/bin/../lib/gcc/avr/5.4.0/avr5\libgcc.a(_udivmodhi4.o)
 .text          0x00000000        0x0 c:/program files (x86)/atmel/studio/7.0/toolchain/avr8/avr8-gnu-toolchain/bin/../lib/gcc/avr/5.4.0/avr5\libgcc.a(_divmodhi4.o)
 .data          0x00000000        0x0 c:/program files (x86)/atmel/studio/7.0/toolchain/avr8/avr8-gnu-toolchain/bin/../lib/gcc/avr/5.4.0/avr5\libgcc.a(_divmodhi4.o)
 .bss           0x00000000        0x0 c:/program files (x86)/atmel/studio/7.0/toolchain/avr8/avr8-gnu-toolchain/bin/../lib/gcc/avr/5.4.0/avr5\libgcc.a(_divmodhi4.o)
 .text.libgcc.mul
                0x00000000        0x0 c:/program files (x86)/atmel/studio/7.0/toolchain/avr8/avr8-gnu-toolchain/bin/../lib/gcc/avr/5.4.0/avr5\libgcc.a(_divmodhi4.o)
 .text.libgcc.div
                0x00000000       0x28 c:/program files (x86)/atmel/studio/7.0/toolchain/avr8/avr8-gnu-toolchain/bin/../lib/gcc/avr/5.4.0/avr5\libgcc.a(_divmodhi4.o)
 .text.libgcc   0x00000000        0x0 c:/program files (x86)/atmel/studio/7.0/toolchain/avr8/avr8-gnu-toolchain/bin/../lib/gcc/avr/5.4.0/avr5\libgcc.a(_divmodhi4.o)
 .text.libgcc.prologue
                0x00000000        0x0 c:/program files (x86)/atmel/studio/7.0/toolchain/avr8/avr8-gnu-toolchain/bin/../lib/gcc/avr/5.4.0/avr5\libgcc.a(_divmodhi4.o)
 .text.libgcc.builtins
                0x00000000        0x0 c:/program files (x86)/atmel/studio/7.0/toolchain/avr8/avr8-gnu-toolchain/bin/../lib/gcc/avr/5.4.0/avr5\libgcc.a(_divmodhi4.o)
 .text.libgcc.fmul
                0x00000000        0x0 c:/program files (x86)/atmel/studio/7.0/toolchain/avr8/avr8-gnu-toolchain/bin/../lib/gcc/avr/5.4.0/avr5\libgcc.a(_divmodhi4.o)
 .text.libgcc.fixed
                0x00000000        0x0 c:/program files (x86)/atmel/studio/7.0/toolchain/avr8/avr8-gnu-toolchain/bin/../lib/gcc/avr/5.4.0/avr5\libgcc.a(_divmodhi4.o)
 .text          0x00000000        0x0 c:/program files (x86)/atmel/studio/7.0/toolchain/avr8/avr8-gnu-toolchain/bin/../lib/gcc/avr/5.4.0/avr5\libgcc.a(_udivmodsi4.o)
 .data          0x00000000        0x0 c:/program files (x86)/atmel/studio/7.0/toolchain/avr8/avr8-gnu-toolchain/bin/../lib/gcc/avr/5.4.0/avr5\libgcc.a(_udivmodsi4.o)
 .bss           0x00000000        0x0 c:/program files (x86)/atmel/studio/7.0/toolchain/avr8/avr8-gnu-toolchain/bin/../lib/gcc/avr/5.4.0/avr5\libgcc.a(_udivmodsi4.o)
 .text.libgcc.mul
                0x00000000        0x0 c:/program files (x86)/atmel/studio/7.0/toolchain/avr8/avr8-gnu-toolchain/bin/../lib/gcc/avr/5.4.0/avr5\libgcc.a(_udivmodsi4.o)
 .text.libgcc   0x00000000        0x0 c:/program files (x86)/atmel/studio/7.0/toolchain/avr8/avr8-gnu-toolchain/bin/../lib/gcc/avr/5.4.0/avr5\libgcc.a(_udivmodsi4.o)
 .text.libgcc.prologue
                0x00000000        0x0 c:/program files (x86)/atmel/studio/7.0/toolchain/avr8/avr8-gnu-toolchain/bin/../lib/gcc/avr/5.4.0/avr5\libgcc.a(_udivmodsi4.o)
 .text.libgcc.builtins
                0x00000000        0x0 c:/program files (x86)/atmel/studio/7.0/toolchain/avr8/avr8-gnu-toolchain/bin/../lib/gcc/avr/5.4.0/avr5\libgcc.a(_udivmodsi4.o)
 .text.libgcc.fmul
                0x00000000        0x0 c:/program files (x86)/atmel/studio/7.0/toolchain/avr8/avr8-gnu-toolchain/bin/../lib/gcc/avr/5.4.0/avr5\libgcc.a(_udivmodsi4.o)
 .text.libgcc.fixed
                0x00000000        0x0 c:/program files (x86)/atmel/studio/7.0/toolchain/avr8/avr8-gnu-toolchain/bin/../lib/gcc/avr/5.4.0/avr5\libgcc.a(_udivmodsi4.o)
 .text          0x00000000        0x0 c:/program files (x86)/atmel/studio/7.0/toolchain/avr8/avr8-gnu-toolchain/bin/../lib/gcc/avr/5.4.0/avr5\libgcc.a(_divmodsi4.o)
 .data          0x00000000        0x0 c:/program files (x86)/atmel/studio/7.0/toolchain/avr8/avr8-gnu-toolchain/bin/../lib/gcc/avr/5.4.0/avr5\libgcc.a(_divmodsi4.o)
 .bss           0x00000000        0x0 c:/program files (x86)/atmel/studio/7.0/toolchain/avr8/avr8-gnu-toolchain/bin/../lib/gcc/avr/5.4.0/avr5\libgcc.a(_divmodsi4.o)
 .text.libgcc.mul
                0x00000000        0x0 c:/program files (x86)/atmel/studio/7.0/toolchain/avr8/avr8-gnu-toolchain/bin/../lib/gcc/avr/5.4.0/avr5\libgcc.a(_divmodsi4.o)
 .text.libgcc   0x00000000        0x0 c:/program files (x86)/atmel/studio/7.0/toolchain/avr8/avr8-gnu-toolchain/bin/../lib/gcc/avr/5.4.0/avr5\libgcc.a(_divmodsi4.o)
 .text.libgcc.prologue
                0x00000000        0x0 c:/program files (x86)/atmel/studio/7.0/toolchain/avr8/avr8-gnu-toolchain/bin/../lib/gcc/avr/5.4.0/avr5\libgcc.a(_divmodsi4.o)
 .text.libgcc.builtins
                0x00000000        0x0 c:/program files (x86)/atmel/studio/7.0/toolchain/avr8/avr8-gnu-toolchain/bin/../lib/gcc/avr/5.4.0/avr5\libgcc.a(_divmodsi4.o)
 .text.libgcc.fmul
                0x00000000        0x0 c:/program files (x86)/atmel/studio/7.0/toolchain/avr8/avr8-gnu-toolchain/bin/../lib/gcc/avr/5.4.0/avr5\libgcc.a(_divmodsi4.o)
 .text.libgcc.fixed
                0x00000000        0x0 c:/program files (x86)/atmel/studio/7.0/toolchain/avr8/avr8-gnu-toolchain/bin/../lib/gcc/avr/5.4.0/avr5\libgcc.a(_divmodsi4.o)
 .text          0x00000000        0x0 c:/program files (x86)/atmel/studio/7.0/toolchain/avr8/avr8-gnu-toolchain/bin/../lib/gcc/avr/5.4.0/avr5\libgcc.a(_negsi2.o)
 .data          0x00000000        0x0 c:/program files (x86)/atmel/studio/7.0/toolchain/avr8/avr8-gnu-toolchain/bin/../lib/gcc/avr/5.4.0/avr5\libgcc.a(_negsi2.o)
 .bss           0x00000000        0x0 c:/program files (x86)/atmel/studio/7.0/toolchain/avr8/avr8-gnu-toolchain/bin/../lib/gcc/avr/5.4.0/avr5\libgcc.a(_negsi2.o)
 .text.libgcc.mul
                0x00000000        0x0 c:/program files (x86)/atmel/studio/7.0/toolchain/avr8/avr8-gnu-toolchain/bin/../lib/gcc/avr/5.4.0/avr5\libgcc.a(_negsi2.o)
 .text.libgcc   0x00000000        0x0 c:/program files (x86)/atmel/studio/7.0/toolchain/avr8/avr8-gnu-toolchain/bin/../lib/gcc/avr/5.4.0/avr5\libgcc.a(_negsi2.o)
 .text.libgcc.prologue
                0x00000000        0x0 c:/program files (x86)/atmel/studio/7.0/toolchain/avr8/avr8-gnu-toolchain/bin/../lib/gcc/avr/5.4.0/avr5\libgcc.a(_negsi2.o)
 .text.libgcc.builtins
                0x00000000        0x0 c:/program files (x86)/atmel/studio/7.0/toolchain/avr8/avr8-gnu-toolchain/bin/../lib/gcc/avr/5.4.0/avr5\libgcc.a(_negsi2.o)
 .text.libgcc.fmul
                0x00000000        0x0 c:/program files (x86)/atmel/studio/7.0/toolchain/avr8/avr8-gnu-toolchain/bin/../lib/gcc/avr/5.4.0/avr5\libgcc.a(_negsi2.o)
 .text.libgcc.fixed
                0x00000000        0x0 c:/program files (x86)/atmel/studio/7.0/toolchain/avr8/avr8-gnu-toolchain/bin/../lib/gcc/avr/5.4.0/avr5\libgcc.a(_negsi2.o)
 .text          0x00000000        0x0 c:/program files (x86)/atmel/studio/7.0/toolchain/avr8/avr8-gnu-toolchain/bin/../lib/gcc/avr/5.4.0/avr5\libgcc.a(_exit.o)
 .data          0x00000000        0x0 c:/program files (x86)/atmel/studio/7.0/toolchain/avr8/avr8-gnu-toolchain/bin/../lib/gcc/avr/5.4.0/avr5\libgcc.a(_exit.o)
 .bss           0x00000000        0x0 c:/program files (x86)/atmel/studio/7.0/toolchain/avr8/avr8-gnu-toolchain/bin/../lib/gcc/avr/5.4.0/avr5\libgcc.a(_exit.o)
 .text.libgcc.mul
                0x00000000        0x0 c:/program files (x86)/atmel/studio/7.0/toolchain/avr8/avr8-gnu-toolchain/bin/../lib/gcc/avr/5.4.0/avr5\libgcc.a(_exit.o)
 .text.libgcc.div
                0x00000000        0x0 c:/program files (x86)/atmel/studio/7.0/toolchain/avr8/avr8-gnu-toolchain/bin/../lib/gcc/avr/5.4.0/avr5\libgcc.a(_exit.o)
 .text.libgcc   0x00000000        0x0 c:/program files (x86)/atmel/studio/7.0/toolchain/avr8/avr8-gnu-toolchain/bin/../lib/gcc/avr/5.4.0/avr5\libgcc.a(_exit.o)
 .text.libgcc.prologue
                0x00000000        0x0 c:/program files (x86)/atmel/studio/7.0/toolchain/avr8/avr8-gnu-toolchain/bin/../lib/gcc/avr/5.4.0/avr5\libgcc.a(_exit.o)
 .text.libgcc.builtins
                0x00000000        0x0 c:/program files (x86)/atmel/studio/7.0/toolchain/avr8/avr8-gnu-toolchain/bin/../lib/gcc/avr/5.4.0/avr5\libgcc.a(_exit.o)
 .text.libgcc.fmul
                0x00000000        0x0 c:/program files (x86)/atmel/studio/7.0/toolchain/avr8/avr8-gnu-toolchain/bin/../lib/gcc/avr/5.4.0/avr5\libgcc.a(_exit.o)
 .text.libgcc.fixed
                0x00000000        0x0 c:/program files (x86)/atmel/studio/7.0/toolchain/avr8/avr8-gnu-toolchain/bin/../lib/gcc/avr/5.4.0/avr5\libgcc.a(_exit.o)
 .text          0x00000000        0x0 c:/program files (x86)/atmel/studio/7.0/toolchain/avr8/avr8-gnu-toolchain/bin/../lib/gcc/avr/5.4.0/avr5\libgcc.a(_tablejump2.o)
 .data          0x00000000        0x0 c:/program files (x86)/atmel/studio/7.0/toolchain/avr8/avr8-gnu-toolchain/bin/../lib/gcc/avr/5.4.0/avr5\libgcc.a(_tablejump2.o)
 .bss           0x00000000        0x0 c:/program files (x86)/atmel/studio/7.0/toolchain/avr8/avr8-gnu-toolchain/bin/../lib/gcc/avr/5.4.0/avr5\libgcc.a(_tablejump2.o)
 .text.libgcc.mul
                0x00000000        0x0 c:/program files (x86)/atmel/studio/7.0/toolchain/avr8/avr8-gnu-toolchain/bin/../lib/gcc/avr/5.4.0/avr5\libgcc.a(_tablejump2.o)
 .text.libgcc.div
                0x00000000        0x0 c:/program files (x86)/atmel/studio/7.0/toolchain/avr8/avr8-gnu-toolchain/bin/../lib/gcc/avr/5.4.0/avr5\libgcc.a(_tablejump2.o)
 .text.libgcc   0x00000000        0xc c:/program files (x86)/atmel/studio/7.0/toolchain/avr8/avr8-gnu-toolchain/bin/../lib/gcc/avr/5.4.0/avr5\libgcc.a(_tablejump2.o)
 .text.libgcc.prologue
                0x00000000        0x0 c:/program files (x86)/atmel/studio/7.0/toolchain/avr8/avr8-gnu-toolchain/bin/../lib/gcc/avr/5.4.0/avr5\libgcc.a(_tablejump2.o)
 .text.libgcc.builtins
                0x00000000        0x0 c:/program files (x86)/atmel/studio/7.0/toolchain/avr8/avr8-gnu-toolchain/bin/../lib/gcc/avr/5.4.0/avr5\libgcc.a(_tablejump2.o)
 .text.libgcc.fmul
                0x00000000        0x0 c:/program files (x86)/atmel/studio/7.0/toolchain/avr8/avr8-gnu-toolchain/bin/../lib/gcc/avr/5.4.0/avr5\libgcc.a(_tablejump2.o)
 .text.libgcc.fixed
                0x00000000        0x0 c:/program files (x86)/atmel/studio/7.0/toolchain/avr8/avr8-gnu-toolchain/bin/../lib/gcc/avr/5.4.0/avr5\libgcc.a(_tablejump2.o)
 .text          0x00000000        0x0 c:/program files (x86)/atmel/studio/7.0/toolchain/avr8/avr8-gnu-toolchain/bin/../lib/gcc/avr/5.4.0/avr5\libgcc.a(_copy_data.o)
 .data          0x00000000        0x0 c:/program files (x86)/atmel/studio/7.0/toolchain/avr8/avr8-gnu-toolchain/bin/../lib/gcc/avr/5.4.0/avr5\libgcc.a(_copy_data.o)
 .bss           0x00000000        0x0 c:/program files (x86)/atmel/studio/7.0/toolchain/avr8/avr8-gnu-toolchain/bin/../lib/gcc/avr/5.4.0/avr5\libgcc.a(_copy_data.o)
 .text.libgcc.mul
                0x00000000        0x0 c:/program files (x86)/atmel/studio/7.0/toolchain/avr8/avr8-gnu-toolchain/bin/../lib/gcc/avr/5.4.0/avr5\libgcc.a(_copy_data.o)
 .text.libgcc.div
                0x00000000        0x0 c:/program files (x86)/atmel/studio/7.0/toolchain/avr8/avr8-gnu-toolchain/bin/../lib/gcc/avr/5.4.0/avr5\libgcc.a(_copy_data.o)
 .text.libgcc   0x00000000        0x0 c:/program files (x86)/atmel/studio/7.0/toolchain/avr8/avr8-gnu-toolchain/bin/../lib/gcc/avr/5.4.0/avr5\libgcc.a(_copy_data.o)
 .text.libgcc.prologue
                0x00000000        0x0 c:/program files (x86)/atmel/studio/7.0/toolchain/avr8/avr8-gnu-toolchain/bin/../lib/gcc/avr/5.4.0/avr5\libgcc.a(_copy_data.o)
 .text.libgcc.builtins
                0x00000000        0x0 c:/program files (x86)/atmel/studio/7.0/toolchain/avr8/avr8-gnu-toolchain/bin/../lib/gcc/avr/5.4.0/avr5\libgcc.a(_copy_data.o)
 .text.libgcc.fmul
                0x00000000        0x0 c:/program files (x86)/atmel/studio/7.0/toolchain/avr8/avr8-gnu-toolchain/bin/../lib/gcc/avr/5.4.0/avr5\libgcc.a(_copy_data.o)
 .text.libgcc.fixed
                0x00000000        0x0 c:/program files (x86)/atmel/studio/7.0/toolchain/avr8/avr8-gnu-toolchain/bin/../lib/gcc/avr/5.4.0/avr5\libgcc.a(_copy_data.o)
 .text          0x00000000        0x0 c:/program files (x86)/atmel/studio/7.0/toolchain/avr8/avr8-gnu-toolchain/bin/../lib/gcc/avr/5.4.0/avr5\libgcc.a(_clear_bss.o)
 .data          0x00000000        0x0 c:/program files (x86)/atmel/studio/7.0/toolchain/avr8/avr8-gnu-toolchain/bin/../lib/gcc/avr/5.4.0/avr5\libgcc.a(_clear_bss.o)
 .bss           0x00000000        0x0 c:/program files (x86)/atmel/studio/7.0/toolchain/avr8/avr8-gnu-toolchain/bin/../lib/gcc/avr/5.4.0/avr5\libgcc.a(_clear_bss.o)
 .text.libgcc.mul
                0x00000000        0x0 c:/program files (x86)/atmel/studio/7.0/toolchain/avr8/avr8-gnu-toolchain/bin/../lib/gcc/avr/5.4.0/avr5\libgcc.a(_clear_bss.o)
 .text.libgcc.div
                0x00000000        0x0 c:/program files (x86)/atmel/studio/7.0/toolchain/avr8/avr8-gnu-toolchain/bin/../lib/gcc/avr/5.4.0/avr5\libgcc.a(_clear_bss.o)
 .text.libgcc   0x00000000        0x0 c:/program files (x86)/atmel/studio/7.0/toolchain/avr8/avr8-gnu-toolchain/bin/../lib/gcc/avr/5.4.0/avr5\libgcc.a(_clear_bss.o)
 .text.libgcc.prologue
                0x00000000        0x0 c:/program files (x86)/atmel/studio/7.0/toolchain/avr8/avr8-gnu-toolchain/bin/../lib/gcc/avr/5.4.0/avr5\libgcc.a(_clear_bss.o)
 .text.libgcc.builtins
                0x00000000        0x0 c:/program files (x86)/atmel/studio/7.0/toolchain/avr8/avr8-gnu-toolchain/bin/../lib/gcc/avr/5.4.0/avr5\libgcc.a(_clear_bss.o)
 .text.libgcc.fmul
                0x00000000        0x0 c:/program files (x86)/atmel/studio/7.0/toolchain/avr8/avr8-gnu-toolchain/bin/../lib/gcc/avr/5.4.0/avr5\libgcc.a(_clear_bss.o)
 .text.libgcc.fixed
                0x00000000        0x0 c:/program files (x86)/atmel/studio/7.0/toolchain/avr8/avr8-gnu-toolchain/bin/../lib/gcc/avr/5.4.0/avr5\libgcc.a(_clear_bss.o)
 .text          0x00000000        0x0 c:/program files (x86)/atmel/studio/7.0/toolchain/avr8/avr8-gnu-toolchain/bin/../lib/gcc/avr/5.4.0/avr5\libgcc.a(_umulhisi3.o)
 .data          0x00000000        0x0 c:/program files (x86)/atmel/studio/7.0/toolchain/avr8/avr8-gnu-toolchain/bin/../lib/gcc/avr/5.4.0/avr5\libgcc.a(_umulhisi3.o)
 .bss           0x00000000        0x0 c:/program files (x86)/atmel/studio/7.0/toolchain/avr8/avr8-gnu-toolchain/bin/../lib/gcc/avr/5.4.0/avr5\libgcc.a(_umulhisi3.o)
 .text.libgcc.mul
                0x00000000       0x1e c:/program files (x86)/atmel/studio/7.0/toolchain/avr8/avr8-gnu-toolchain/bin/../lib/gcc/avr/5.4.0/avr5\libgcc.a(_umulhisi3.o)
 .text.libgcc.div
                0x00000000        0x0 c:/program files (x86)/atmel/studio/7.0/toolchain/avr8/avr8-gnu-toolchain/bin/../lib/gcc/avr/5.4.0/avr5\libgcc.a(_umulhisi3.o)
 .text.libgcc   0x00000000        0x0 c:/program files (x86)/atmel/studio/7.0/toolchain/avr8/avr8-gnu-toolchain/bin/../lib/gcc/avr/5.4.0/avr5\libgcc.a(_umulhisi3.o)
 .text.libgcc.prologue
                0x00000000        0x0 c:/program files (x86)/atmel/studio/7.0/toolchain/avr8/avr8-gnu-toolchain/bin/../lib/gcc/avr/5.4.0/avr5\libgcc.a(_umulhisi3.o)
 .text.libgcc.builtins
                0x00000000        0x0 c:/program files (x86)/atmel/studio/7.0/toolchain/avr8/avr8-gnu-toolchain/bin/../lib/gcc/avr/5.4.0/avr5\libgcc.a(_umulhisi3.o)
 .text.libgcc.fmul
                0x00000000        0x0 c:/program files (x86)/atmel/studio/7.0/toolchain/avr8/avr8-gnu-toolchain/bin/../lib/gcc/avr/5.4.0/avr5\libgcc.a(_umulhisi3.o)
 .text.libgcc.fixed
                0x00000000        0x0 c:/program files (x86)/atmel/studio/7.0/toolchain/avr8/avr8-gnu-toolchain/bin/../lib/gcc/avr/5.4.0/avr5\libgcc.a(_umulhisi3.o)

Memory Configuration

Name             Origin             Length             Attributes
text             0x00000000         0x00008000         xr
data             0x00800060         0x00000800         rw !x
eeprom           0x00810000         0x00000400         rw !x
fuse             0x00820000         0x00000002         rw !x
lock             0x00830000         0x00000400         rw !x
signature        0x00840000         0x00000400         rw !x
user_signatures  0x00850000         0x00000400         rw !x
*default*        0x00000000         0xffffffff

Linker script and memory map

LOAD C:/Program Files (x86)/Atmel/Studio/7.0/Packs/atmel/ATmega_DFP/1.7.374/gcc/dev/atmega32/avr5/crtatmega32.o
LOAD HAL/7SEGMENT/7SEGMENT_Program.o
LOAD HAL/Keypad/Keypad_Program.o
LOAD HAL/LCD/LCD_Program.o
LOAD main.o
LOAD MCAL/ADC/ADC.o
LOAD MCAL/DIO/DIO_Program.o
LOAD MCAL/EX_Interrupt/EX_Interrupt.o
LOAD MCAL/SPI/SPI_Program.o
LOAD MCAL/Timer/Timer_Program.o
LOAD MCAL/UART/UART_Program.o
LOAD SERVICES/SPI_Services/SPI_Services.o
LOAD SERVICES/Timer_Services/Timer_Services.o
LOAD SERVICES/UART_Services/UART_Services.o
START GROUP
LOAD c:/program files (x86)/atmel/studio/7.0/toolchain/avr8/avr8-gnu-toolchain/bin/../lib/gcc/avr/5.4.0/../../../../avr/lib/avr5\libm.a
END GROUP
START GROUP
LOAD c:/program files (x86)/atmel/studio/7.0/toolchain/avr8/avr8-gnu-toolchain/bin/../lib/gcc/avr/5.4.0/avr5\libgcc.a
LOAD c:/program files (x86)/atmel/studio/7.0/toolchain/avr8/avr8-gnu-toolchain/bin/../lib/gcc/avr/5.4.0/../../../../avr/lib/avr5\libm.a
LOAD c:/program files (x86)/atmel/studio/7.0/toolchain/avr8/avr8-gnu-toolchain/bin/../lib/gcc/avr/5.4.0/../../../../avr/lib/avr5\libc.a
LOAD C:/Program Files (x86)/Atmel/Studio/7.0/Packs/atmel/ATmega_DFP/1.7.374/gcc/dev/atmega32/avr5\libatmega32.a
END GROUP
                0x00000000                __TEXT_REGION_ORIGIN__ = DEFINED (__TEXT_REGION_ORIGIN__)?__TEXT_REGION_ORIGIN__:0x0
                [0x00800060]                __DATA_REGION_ORIGIN__ = DEFINED (__DATA_REGION_ORIGIN__)?__DATA_REGION_ORIGIN__:0x800060
                [0x00008000]                __TEXT_REGION_LENGTH__ = DEFINED (__TEXT_REGION_LENGTH__)?__TEXT_REGION_LENGTH__:0x20000
                [0x00000800]                __DATA_REGION_LENGTH__ = DEFINED (__DATA_REGION_LENGTH__)?__DATA_REGION_LENGTH__:0xffa0
                [0x00000400]                __EEPROM_REGION_LENGTH__ = DEFINED (__EEPROM_REGION_LENGTH__)?__EEPROM_REGION_LENGTH__:0x10000
                [0x00000002]                __FUSE_REGION_LENGTH__ = DEFINED (__FUSE_REGION_LENGTH__)?__FUSE_REGION_LENGTH__:0x400
                0x00000400                __LOCK_REGION_LENGTH__ = DEFINED (__LOCK_REGION_LENGTH__)?__LOCK_REGION_LENGTH__:0x400
                0x00000400                __SIGNATURE_REGION_LENGTH__ = DEFINED (__SIGNATURE_REGION_LENGTH__)?__SIGNATURE_REGION_LENGTH__:0x400
                0x00000400                __USER_SIGNATURE_REGION_LENGTH__ = DEFINED (__USER_SIGNATURE_REGION_LENGTH__)?__USER_SIGNATURE_REGION_LENGTH__:0x400

.hash
 *(.hash)

.dynsym
 *(.dynsym)

.dynstr
 *(.dynstr)

.gnu.version
 *(.gnu.version)

.gnu.version_d
 *(.gnu.version_d)

.gnu.version_r
 *(.gnu.version_r)

.rel.init
 *(.rel.init)

.rela.init
 *(.rela.init)

.rel.text
 *(.rel.text)
 *(.rel.text.*)
 *(.rel.gnu.linkonce.t*)

.rela.text
 *(.rela.text)
 *(.rela.text.*)
 *(.rela.gnu.linkonce.t*)

.rel.fini
 *(.rel.fini)

.rela.fini
 *(.rela.fini)

.rel.rodata
 *(.rel.rodata)
 *(.rel.rodata.*)
 *(.rel.gnu.linkonce.r*)

.rela.rodata
 *(.rela.rodata)
 *(.rela.rodata.*)
 *(.rela.gnu.linkonce.r*)

.rel.data
 *(.rel.data)
 *(.rel.data.*)
 *(.rel.gnu.linkonce.d*)

.rela.data
 *(.rela.data)
 *(.rela.data.*)
 *(.rela.gnu.linkonce.d*)

.rel.ctors
 *(.rel.ctors)

.rela.ctors
 *(.rela.ctors)

.rel.dtors
 *(.rel.dtors)

.rela.dtors
 *(.rela.dtors)

.rel.got
 *(.rel.got)

.rela.got
 *(.rela.got)

.rel.bss
 *(.rel.bss)

.rela.bss
 *(.rela.bss)

.rel.plt
 *(.rel.plt)

.rela.plt
 *(.rela.plt)

.text           0x00000000     0x1030
 *(.vectors)
 .vectors       0x00000000       0x54 C:/Program Files (x86)/Atmel/Studio/7.0/Packs/atmel/ATmega_DFP/1.7.374/gcc/dev/atmega32/avr5/crtatmega32.o
                0x00000000                __vector_default
                0x00000000                __vectors
 *(.vectors)
 *(.progmem.gcc*)
                0x00000054                . = ALIGN (0x2)
                0x00000054                __trampolines_start = .
 *(.trampolines)
 .trampolines   0x00000054        0x0 linker stubs
 *(.trampolines*)
                0x00000054                __trampolines_end = .
 *libprintf_flt.a:*(.progmem.data)
 *libc.a:*(.progmem.data)
 *(.progmem*)
                0x00000054                . = ALIGN (0x2)
 *(.jumptables)
 *(.jumptables*)
 *(.lowtext)
 *(.lowtext*)
                0x00000054                __ctors_start = .
 *(.ctors)
                0x00000054                __ctors_end = .
                0x00000054                __dtors_start = .
 *(.dtors)
                0x00000054                __dtors_end = .
 SORT(*)(.ctors)
 SORT(*)(.dtors)
 *(.init0)
 .init0         0x00000054        0x0 C:/Program Files (x86)/Atmel/Studio/7.0/Packs/atmel/ATmega_DFP/1.7.374/gcc/dev/atmega32/avr5/crtatmega32.o
                0x00000054                __init
 *(.init0)
 *(.init1)
 *(.init1)
 *(.init2)
 .init2         0x00000054        0xc C:/Program Files (x86)/Atmel/Studio/7.0/Packs/atmel/ATmega_DFP/1.7.374/gcc/dev/atmega32/avr5/crtatmega32.o
 *(.init2)
 *(.init3)
 *(.init3)
 *(.init4)
 .init4         0x00000060       0x16 c:/program files (x86)/atmel/studio/7.0/toolchain/avr8/avr8-gnu-toolchain/bin/../lib/gcc/avr/5.4.0/avr5\libgcc.a(_copy_data.o)
                0x00000060                __do_copy_data
 .init4         0x00000076       0x10 c:/program files (x86)/atmel/studio/7.0/toolchain/avr8/avr8-gnu-toolchain/bin/../lib/gcc/avr/5.4.0/avr5\libgcc.a(_clear_bss.o)
                0x00000076                __do_clear_bss
 *(.init4)
 *(.init5)
 *(.init5)
 *(.init6)
 *(.init6)
 *(.init7)
 *(.init7)
 *(.init8)
 *(.init8)
 *(.init9)
 .init9         0x00000086        0x8 C:/Program Files (x86)/Atmel/Studio/7.0/Packs/atmel/ATmega_DFP/1.7.374/gcc/dev/atmega32/avr5/crtatmega32.o
 *(.init9)
 *(.text)
 .text          0x0000008e        0x4 C:/Program Files (x86)/Atmel/Studio/7.0/Packs/atmel/ATmega_DFP/1.7.374/gcc/dev/atmega32/avr5/crtatmega32.o
                0x0000008e                __vector_12
                0x0000008e                __bad_interrupt
                0x0000008e                __vector_11
                0x0000008e                __vector_17
                0x0000008e                __vector_19
                0x0000008e                __vector_5
                0x0000008e                __vector_4
                0x0000008e                __vector_14
                0x0000008e                __vector_10
                0x0000008e                __vector_18
                0x0000008e                __vector_20
                0x00000092                . = ALIGN (0x2)
 *(.text.*)
 .text.WriteIns
                0x00000092       0xc0 HAL/LCD/LCD_Program.o
 .text.WriteData
                0x00000152       0xc0 HAL/LCD/LCD_Program.o
 .text.LCD_Clear
                0x00000212       0x14 HAL/LCD/LCD_Program.o
                0x00000212                LCD_Clear
 .text.LCD_Init
                0x00000226       0x2e HAL/LCD/LCD_Program.o
                0x00000226                LCD_Init
 .text.LCD_GoTo
                0x00000254       0x28 HAL/LCD/LCD_Program.o
                0x00000254                LCD_GoTo
 .text.LCD_WriteString
                0x0000027c       0x26 HAL/LCD/LCD_Program.o
                0x0000027c                LCD_WriteString
 .text.LCD_WriteNumber
                0x000002a2      0x11e HAL/LCD/LCD_Program.o
                0x000002a2                LCD_WriteNumber
 .text.rx       0x000003c0      0x104 main.o
                0x000003c0                rx
 .text.startup.main
                0x000004c4      0x472 main.o
                0x000004c4                main
 .text.__vector_16
                0x00000936       0x52 MCAL/ADC/ADC.o
                0x00000936                __vector_16
 .text.DIO_InitPin
                0x00000988      0x1e2 MCAL/DIO/DIO_Program.o
                0x00000988                DIO_InitPin
 .text.DIO_Init
                0x00000b6a       0x26 MCAL/DIO/DIO_Program.o
                0x00000b6a                DIO_Init
 .text.DIO_WritePin
                0x00000b90       0xfe MCAL/DIO/DIO_Program.o
                0x00000b90                DIO_WritePin
 .text.__vector_1
                0x00000c8e       0x52 MCAL/EX_Interrupt/EX_Interrupt.o
                0x00000c8e                __vector_1
 .text.__vector_2
                0x00000ce0       0x54 MCAL/EX_Interrupt/EX_Interrupt.o
                0x00000ce0                __vector_2
 .text.__vector_3
                0x00000d34       0x52 MCAL/EX_Interrupt/EX_Interrupt.o
                0x00000d34                __vector_3
 .text.SPI_Init
                0x00000d86        0xc MCAL/SPI/SPI_Program.o
                0x00000d86                SPI_Init
 .text.SPI_SendReceive
                0x00000d92        0xa MCAL/SPI/SPI_Program.o
                0x00000d92                SPI_SendReceive
 .text.__vector_9
                0x00000d9c       0x52 MCAL/Timer/Timer_Program.o
                0x00000d9c                __vector_9
 .text.__vector_7
                0x00000dee       0x52 MCAL/Timer/Timer_Program.o
                0x00000dee                __vector_7
 .text.__vector_8
                0x00000e40       0x52 MCAL/Timer/Timer_Program.o
                0x00000e40                __vector_8
 .text.__vector_6
                0x00000e92       0x52 MCAL/Timer/Timer_Program.o
                0x00000e92                __vector_6
 .text.UART_Init
                0x00000ee4        0xc MCAL/UART/UART_Program.o
                0x00000ee4                UART_Init
 .text.UART_Recive
                0x00000ef0        0x8 MCAL/UART/UART_Program.o
                0x00000ef0                UART_Recive
 .text.UART_RX_InterruptEnable
                0x00000ef8        0x4 MCAL/UART/UART_Program.o
                0x00000ef8                UART_RX_InterruptEnable
 .text.UART_RX_SetCallBack
                0x00000efc        0xa MCAL/UART/UART_Program.o
                0x00000efc                UART_RX_SetCallBack
 .text.__vector_13
                0x00000f06       0x52 MCAL/UART/UART_Program.o
                0x00000f06                __vector_13
 .text.__vector_15
                0x00000f58       0x52 MCAL/UART/UART_Program.o
                0x00000f58                __vector_15
 .text.libgcc.div
                0x00000faa       0x44 c:/program files (x86)/atmel/studio/7.0/toolchain/avr8/avr8-gnu-toolchain/bin/../lib/gcc/avr/5.4.0/avr5\libgcc.a(_udivmodsi4.o)
                0x00000faa                __udivmodsi4
 .text.libgcc.div
                0x00000fee       0x2e c:/program files (x86)/atmel/studio/7.0/toolchain/avr8/avr8-gnu-toolchain/bin/../lib/gcc/avr/5.4.0/avr5\libgcc.a(_divmodsi4.o)
                0x00000fee                __divmodsi4
 .text.libgcc.div
                0x0000101c       0x10 c:/program files (x86)/atmel/studio/7.0/toolchain/avr8/avr8-gnu-toolchain/bin/../lib/gcc/avr/5.4.0/avr5\libgcc.a(_negsi2.o)
                0x0000101c                __negsi2
                0x0000102c                . = ALIGN (0x2)
 *(.fini9)
 .fini9         0x0000102c        0x0 c:/program files (x86)/atmel/studio/7.0/toolchain/avr8/avr8-gnu-toolchain/bin/../lib/gcc/avr/5.4.0/avr5\libgcc.a(_exit.o)
                0x0000102c                _exit
                0x0000102c                exit
 *(.fini9)
 *(.fini8)
 *(.fini8)
 *(.fini7)
 *(.fini7)
 *(.fini6)
 *(.fini6)
 *(.fini5)
 *(.fini5)
 *(.fini4)
 *(.fini4)
 *(.fini3)
 *(.fini3)
 *(.fini2)
 *(.fini2)
 *(.fini1)
 *(.fini1)
 *(.fini0)
 .fini0         0x0000102c        0x4 c:/program files (x86)/atmel/studio/7.0/toolchain/avr8/avr8-gnu-toolchain/bin/../lib/gcc/avr/5.4.0/avr5\libgcc.a(_exit.o)
 *(.fini0)
                0x00001030                _etext = .

.data           0x00800060       0xa2 load address 0x00001030
                0x00800060                PROVIDE (__data_start, .)
 *(.data)
 *(.data*)
 *(.gnu.linkonce.d*)
 *(.rodata)
 *(.rodata*)
 .rodata.str1.1
                0x00800060       0x82 main.o
                                 0x9c (size before relaxing)
 .rodata.DIO_PinsStatusArr
                0x008000e2       0x20 MCAL/DIO/DIO_Program.o
                0x008000e2                DIO_PinsStatusArr
 *(.gnu.linkonce.r*)
                0x00800102                . = ALIGN (0x2)
                0x00800102                _edata = .
                0x00800102                PROVIDE (__data_end, .)

.bss            0x00800102       0x17
                0x00800102                PROVIDE (__bss_start, .)
 *(.bss)
 *(.bss*)
 .bss.data      0x00800102        0x1 main.o
                0x00800102                data
 .bss.flag      0x00800103        0x1 main.o
                0x00800103                flag
 .bss.input     0x00800104        0x1 main.o
                0x00800104                input
 .bss.ADC_Fptr  0x00800105        0x2 MCAL/ADC/ADC.o
 .bss.INT2_Fptr
                0x00800107        0x2 MCAL/EX_Interrupt/EX_Interrupt.o
 .bss.INT1_Fptr
                0x00800109        0x2 MCAL/EX_Interrupt/EX_Interrupt.o
 .bss.INT0_Fptr
                0x0080010b        0x2 MCAL/EX_Interrupt/EX_Interrupt.o
 .bss.Timer1_ICU_Fptr
                0x0080010d        0x2 MCAL/Timer/Timer_Program.o
 .bss.Timer1_OCB_Fptr
                0x0080010f        0x2 MCAL/Timer/Timer_Program.o
 .bss.Timer1_OCA_Fptr
                0x00800111        0x2 MCAL/Timer/Timer_Program.o
 .bss.Timer1_OVF_Fptr
                0x00800113        0x2 MCAL/Timer/Timer_Program.o
 .bss.UART_TX_Fptr
                0x00800115        0x2 MCAL/UART/UART_Program.o
 .bss.UART_RX_Fptr
                0x00800117        0x2 MCAL/UART/UART_Program.o
 *(COMMON)
                0x00800119                PROVIDE (__bss_end, .)
                0x00001030                __data_load_start = LOADADDR (.data)
                0x000010d2                __data_load_end = (__data_load_start + SIZEOF (.data))

.noinit         0x00800119        0x0
                [!provide]                PROVIDE (__noinit_start, .)
 *(.noinit*)
                [!provide]                PROVIDE (__noinit_end, .)
                0x00800119                _end = .
                [!provide]                PROVIDE (__heap_start, .)

.eeprom         0x00810000        0x0
 *(.eeprom*)
                0x00810000                __eeprom_end = .

.fuse
 *(.fuse)
 *(.lfuse)
 *(.hfuse)
 *(.efuse)

.lock
 *(.lock*)

.signature
 *(.signature*)

.user_signatures
 *(.user_signatures*)

.stab
 *(.stab)

.stabstr
 *(.stabstr)

.stab.excl
 *(.stab.excl)

.stab.exclstr
 *(.stab.exclstr)

.stab.index
 *(.stab.index)

.stab.indexstr
 *(.stab.indexstr)

.comment        0x00000000       0x30
 *(.comment)
 .comment       0x00000000       0x30 HAL/LCD/LCD_Program.o
                                 0x31 (size before relaxing)
 .comment       0x00000030       0x31 main.o
 .comment       0x00000030       0x31 MCAL/ADC/ADC.o
 .comment       0x00000030       0x31 MCAL/DIO/DIO_Program.o
 .comment       0x00000030       0x31 MCAL/EX_Interrupt/EX_Interrupt.o
 .comment       0x00000030       0x31 MCAL/SPI/SPI_Program.o
 .comment       0x00000030       0x31 MCAL/Timer/Timer_Program.o
 .comment       0x00000030       0x31 MCAL/UART/UART_Program.o

.note.gnu.avr.deviceinfo
                0x00000000       0x3c
 .note.gnu.avr.deviceinfo
                0x00000000       0x3c C:/Program Files (x86)/Atmel/Studio/7.0/Packs/atmel/ATmega_DFP/1.7.374/gcc/dev/atmega32/avr5/crtatmega32.o

.note.gnu.build-id
 *(.note.gnu.build-id)

.debug
 *(.debug)

.line
 *(.line)

.debug_srcinfo
 *(.debug_srcinfo)

.debug_sfnames
 *(.debug_sfnames)

.debug_aranges
 *(.debug_aranges)

.debug_pubnames
 *(.debug_pubnames)

.debug_info     0x00000000      0x4e6
 *(.debug_info .gnu.linkonce.wi.*)
 .debug_info    0x00000000      0x4e6 C:/Program Files (x86)/Atmel/Studio/7.0/Packs/atmel/ATmega_DFP/1.7.374/gcc/dev/atmega32/avr5/crtatmega32.o

.debug_abbrev   0x00000000      0x4a3
 *(.debug_abbrev)
 .debug_abbrev  0x00000000      0x4a3 C:/Program Files (x86)/Atmel/Studio/7.0/Packs/atmel/ATmega_DFP/1.7.374/gcc/dev/atmega32/avr5/crtatmega32.o

.debug_line     0x00000000      0x116
 *(.debug_line .debug_line.* .debug_line_end)
 .debug_line    0x00000000      0x116 C:/Program Files (x86)/Atmel/Studio/7.0/Packs/atmel/ATmega_DFP/1.7.374/gcc/dev/atmega32/avr5/crtatmega32.o

.debug_frame
 *(.debug_frame)

.debug_str      0x00000000      0x196
 *(.debug_str)
 .debug_str     0x00000000      0x196 C:/Program Files (x86)/Atmel/Studio/7.0/Packs/atmel/ATmega_DFP/1.7.374/gcc/dev/atmega32/avr5/crtatmega32.o

.debug_loc
 *(.debug_loc)

.debug_macinfo
 *(.debug_macinfo)

.debug_weaknames
 *(.debug_weaknames)

.debug_funcnames
 *(.debug_funcnames)

.debug_typenames
 *(.debug_typenames)

.debug_varnames
 *(.debug_varnames)

.debug_pubtypes
 *(.debug_pubtypes)

.debug_ranges
 *(.debug_ranges)

.debug_macro
 *(.debug_macro)
OUTPUT(AVR_NTI.elf elf32-avr)
LOAD linker stubs
